[36m▸[0m پیش‌بررسی فقط‌خواندنی شروع شد (20260929-220309) — لاگ: /app/release/update-20260929-220309.log
[33m⚠[0m با کاربر root اجرا نشده‌اید؛ ممکن است دسترسی کافی نباشد.
[36m▸[0m Node: v22.22.1
[33m⚠[0m هیچ پردازشی روی 127.0.0.1:3001 گوش نمی‌دهد.
[33m⚠[0m مسیر برنامه تشخیص داده نشد.
[33m⚠[0m مدیر فرایند تشخیص داده نشد.
[36m▸[0m پاسخ /health فعلی: (بدون پاسخ)
[36m▸[0m نسخهٔ فعلی: قدیمی (بدون شمارهٔ نسخه) → نسخهٔ جدید: 2.1.0
[33m⚠[0m به‌دلیل نامشخص بودن: مسیر برنامه مسیر داده مدیر فرایند — هیچ تغییری اعمال نشد.

فرمان‌های بررسی پیشنهادی (فقط‌خواندنی):
  ss -ltnp | grep 3001
  ps -ef | grep -v grep | grep server.cjs
  cat /proc/$(pgrep -f server.cjs | head -1)/cmdline | tr '\0' ' '; echo
  ls -la /proc/$(pgrep -f server.cjs | head -1)/cwd
  systemctl list-units --type=service | grep -iE 'app|gam|node'
  pm2 list ; pm2 describe <name>
  grep -rl 'server.cjs' /etc/systemd/system /root/.pm2 2>/dev/null
  ls -la /root/appg /root/appg/data-app
  cat /etc/nginx/sites-enabled/app | grep -E 'proxy_pass|server_name'
پس از مشخص‌شدن، در صورت نیاز می‌توانید متغیرها را دستی بدهید:
  APP_DIR=/root/appg DATA_DIR=/root/appg/data-app MANAGER=systemd UNIT=<unit>.service bash update.sh
